Archive member included because of file (symbol)

c:/winavr-20100110/bin/../lib/gcc/avr/4.3.3/avr5\libgcc.a(_exit.o)
                              c:/winavr-20100110/bin/../lib/gcc/avr/4.3.3/../../../../avr/lib/avr5/crtm32.o (exit)
c:/winavr-20100110/bin/../lib/gcc/avr/4.3.3/avr5\libgcc.a(_copy_data.o)
                              ./HAL/_7Segment/_7_Program.o (__do_copy_data)
c:/winavr-20100110/bin/../lib/gcc/avr/4.3.3/avr5\libgcc.a(_clear_bss.o)
                              ./APP/TIMER0/_01_TIMER0_APP.o (__do_clear_bss)
c:/winavr-20100110/bin/../lib/gcc/avr/4.3.3/avr5\libgcc.a(_fixunssfsi.o)
                              ./HAL/LCD/LCD_Program.o (__fixunssfsi)
c:/winavr-20100110/bin/../lib/gcc/avr/4.3.3/avr5\libgcc.a(_addsub_sf.o)
                              c:/winavr-20100110/bin/../lib/gcc/avr/4.3.3/avr5\libgcc.a(_fixunssfsi.o) (__subsf3)
c:/winavr-20100110/bin/../lib/gcc/avr/4.3.3/avr5\libgcc.a(_mul_sf.o)
                              ./HAL/LCD/LCD_Program.o (__mulsf3)
c:/winavr-20100110/bin/../lib/gcc/avr/4.3.3/avr5\libgcc.a(_div_sf.o)
                              ./HAL/LCD/LCD_Program.o (__divsf3)
c:/winavr-20100110/bin/../lib/gcc/avr/4.3.3/avr5\libgcc.a(_gt_sf.o)
                              ./HAL/LCD/LCD_Program.o (__gtsf2)
c:/winavr-20100110/bin/../lib/gcc/avr/4.3.3/avr5\libgcc.a(_ge_sf.o)
                              c:/winavr-20100110/bin/../lib/gcc/avr/4.3.3/avr5\libgcc.a(_fixunssfsi.o) (__gesf2)
c:/winavr-20100110/bin/../lib/gcc/avr/4.3.3/avr5\libgcc.a(_lt_sf.o)
                              ./HAL/LCD/LCD_Program.o (__ltsf2)
c:/winavr-20100110/bin/../lib/gcc/avr/4.3.3/avr5\libgcc.a(_sf_to_si.o)
                              c:/winavr-20100110/bin/../lib/gcc/avr/4.3.3/avr5\libgcc.a(_fixunssfsi.o) (__fixsfsi)
c:/winavr-20100110/bin/../lib/gcc/avr/4.3.3/avr5\libgcc.a(_thenan_sf.o)
                              c:/winavr-20100110/bin/../lib/gcc/avr/4.3.3/avr5\libgcc.a(_addsub_sf.o) (__thenan_sf)
c:/winavr-20100110/bin/../lib/gcc/avr/4.3.3/avr5\libgcc.a(_prologue.o)
                              c:/winavr-20100110/bin/../lib/gcc/avr/4.3.3/avr5\libgcc.a(_addsub_sf.o) (__prologue_saves__)
c:/winavr-20100110/bin/../lib/gcc/avr/4.3.3/avr5\libgcc.a(_epilogue.o)
                              c:/winavr-20100110/bin/../lib/gcc/avr/4.3.3/avr5\libgcc.a(_addsub_sf.o) (__epilogue_restores__)
c:/winavr-20100110/bin/../lib/gcc/avr/4.3.3/avr5\libgcc.a(_pack_sf.o)
                              c:/winavr-20100110/bin/../lib/gcc/avr/4.3.3/avr5\libgcc.a(_addsub_sf.o) (__pack_f)
c:/winavr-20100110/bin/../lib/gcc/avr/4.3.3/avr5\libgcc.a(_unpack_sf.o)
                              c:/winavr-20100110/bin/../lib/gcc/avr/4.3.3/avr5\libgcc.a(_addsub_sf.o) (__unpack_f)
c:/winavr-20100110/bin/../lib/gcc/avr/4.3.3/avr5\libgcc.a(_fpcmp_parts_sf.o)
                              c:/winavr-20100110/bin/../lib/gcc/avr/4.3.3/avr5\libgcc.a(_gt_sf.o) (__fpcmp_parts_f)
c:/winavr-20100110/bin/../lib/gcc/avr/4.3.3/../../../../avr/lib/avr5\libc.a(itoa.o)
                              ./HAL/LCD/LCD_Program.o (itoa)
c:/winavr-20100110/bin/../lib/gcc/avr/4.3.3/../../../../avr/lib/avr5\libc.a(strrev.o)
                              c:/winavr-20100110/bin/../lib/gcc/avr/4.3.3/../../../../avr/lib/avr5\libc.a(itoa.o) (strrev)
c:/winavr-20100110/bin/../lib/gcc/avr/4.3.3/avr5\libgcc.a(_udivmodhi4.o)
                              c:/winavr-20100110/bin/../lib/gcc/avr/4.3.3/../../../../avr/lib/avr5\libc.a(itoa.o) (__udivmodhi4)

Allocating common symbols
Common symbol       size              file

test_motor2         0x4               ./APP/MOTOR_TEST/MOTOR_TEST.o
test_motor1         0x4               ./APP/MOTOR_TEST/MOTOR_TEST.o

Memory Configuration

Name             Origin             Length             Attributes
text             0x00000000         0x00020000         xr
data             0x00800060         0x0000ffa0         rw !x
eeprom           0x00810000         0x00010000         rw !x
fuse             0x00820000         0x00000400         rw !x
lock             0x00830000         0x00000400         rw !x
signature        0x00840000         0x00000400         rw !x
*default*        0x00000000         0xffffffff

Linker script and memory map

LOAD c:/winavr-20100110/bin/../lib/gcc/avr/4.3.3/../../../../avr/lib/avr5/crtm32.o
LOAD ./MCAL/USART/USART_Program.o
LOAD ./MCAL/TIMER0/TIMER0_Program.o
LOAD ./MCAL/EXT_ISR/EXT_ISR_Program.o
LOAD ./MCAL/DIO/DIO_Program.o
LOAD ./HAL/_7Segment/_7_Program.o
LOAD ./HAL/MOTOR/MOTOR_Program.o
LOAD ./HAL/LED/LED_Program.o
LOAD ./HAL/LCD/LCD_Program.o
LOAD ./HAL/Keybad/Keybad_Program.o
LOAD ./HAL/IR/IR.o
LOAD ./HAL/Button/Button_Program.o
LOAD ./APP/TIMER0/_01_TIMER0_APP.o
LOAD ./APP/TIMER0/_02_TIMER_APP.o
LOAD ./APP/TEST/IR_withMotors.o
LOAD ./APP/TEST/pwm_test.o
LOAD ./APP/MOTOR_TEST/MOTOR_TEST.o
LOAD ./APP/MINE_ROBOT/MINE_ROBOT.o
LOAD ./APP/09_APP_USART/09_APP_USART.o
LOAD ./APP/05APP_EXT/05APP_EXT.o
LOAD ./APP/04APP_KEYBAD/04APP_KEYBAD.o
LOAD ./APP/03APP_LCD/03APP_LCD.o
LOAD ./APP/02APP_7SEGMENT/02APP_7SEGMENT.o
LOAD ./APP/01APP_BUTTON/01APP_BUTTON.o
LOAD ./APP/00APP_LED/00APP_LED.o
LOAD ./APP/main.o
LOAD c:/winavr-20100110/bin/../lib/gcc/avr/4.3.3/avr5\libgcc.a
LOAD c:/winavr-20100110/bin/../lib/gcc/avr/4.3.3/../../../../avr/lib/avr5\libc.a
LOAD c:/winavr-20100110/bin/../lib/gcc/avr/4.3.3/avr5\libgcc.a

.hash
 *(.hash)

.dynsym
 *(.dynsym)

.dynstr
 *(.dynstr)

.gnu.version
 *(.gnu.version)

.gnu.version_d
 *(.gnu.version_d)

.gnu.version_r
 *(.gnu.version_r)

.rel.init
 *(.rel.init)

.rela.init
 *(.rela.init)

.rel.text
 *(.rel.text)
 *(.rel.text.*)
 *(.rel.gnu.linkonce.t*)

.rela.text
 *(.rela.text)
 *(.rela.text.*)
 *(.rela.gnu.linkonce.t*)

.rel.fini
 *(.rel.fini)

.rela.fini
 *(.rela.fini)

.rel.rodata
 *(.rel.rodata)
 *(.rel.rodata.*)
 *(.rel.gnu.linkonce.r*)

.rela.rodata
 *(.rela.rodata)
 *(.rela.rodata.*)
 *(.rela.gnu.linkonce.r*)

.rel.data
 *(.rel.data)
 *(.rel.data.*)
 *(.rel.gnu.linkonce.d*)

.rela.data
 *(.rela.data)
 *(.rela.data.*)
 *(.rela.gnu.linkonce.d*)

.rel.ctors
 *(.rel.ctors)

.rela.ctors
 *(.rela.ctors)

.rel.dtors
 *(.rel.dtors)

.rela.dtors
 *(.rela.dtors)

.rel.got
 *(.rel.got)

.rela.got
 *(.rela.got)

.rel.bss
 *(.rel.bss)

.rela.bss
 *(.rela.bss)

.rel.plt
 *(.rel.plt)

.rela.plt
 *(.rela.plt)

.text           0x00000000     0x393c
 *(.vectors)
 .vectors       0x00000000       0x54 c:/winavr-20100110/bin/../lib/gcc/avr/4.3.3/../../../../avr/lib/avr5/crtm32.o
                0x00000000                __vectors
                0x00000000                __vector_default
 *(.vectors)
 *(.progmem.gcc*)
 *(.progmem*)
                0x00000054                . = ALIGN (0x2)
                0x00000054                __trampolines_start = .
 *(.trampolines)
 .trampolines   0x00000054        0x0 linker stubs
 *(.trampolines*)
                0x00000054                __trampolines_end = .
 *(.jumptables)
 *(.jumptables*)
 *(.lowtext)
 *(.lowtext*)
                0x00000054                __ctors_start = .
 *(.ctors)
                0x00000054                __ctors_end = .
                0x00000054                __dtors_start = .
 *(.dtors)
                0x00000054                __dtors_end = .
 SORT(*)(.ctors)
 SORT(*)(.dtors)
 *(.init0)
 .init0         0x00000054        0x0 c:/winavr-20100110/bin/../lib/gcc/avr/4.3.3/../../../../avr/lib/avr5/crtm32.o
                0x00000054                __init
 *(.init0)
 *(.init1)
 *(.init1)
 *(.init2)
 .init2         0x00000054        0xc c:/winavr-20100110/bin/../lib/gcc/avr/4.3.3/../../../../avr/lib/avr5/crtm32.o
 *(.init2)
 *(.init3)
 *(.init3)
 *(.init4)
 .init4         0x00000060       0x16 c:/winavr-20100110/bin/../lib/gcc/avr/4.3.3/avr5\libgcc.a(_copy_data.o)
                0x00000060                __do_copy_data
 .init4         0x00000076       0x10 c:/winavr-20100110/bin/../lib/gcc/avr/4.3.3/avr5\libgcc.a(_clear_bss.o)
                0x00000076                __do_clear_bss
 *(.init4)
 *(.init5)
 *(.init5)
 *(.init6)
 *(.init6)
 *(.init7)
 *(.init7)
 *(.init8)
 *(.init8)
 *(.init9)
 .init9         0x00000086        0x8 c:/winavr-20100110/bin/../lib/gcc/avr/4.3.3/../../../../avr/lib/avr5/crtm32.o
 *(.init9)
 *(.text)
 .text          0x0000008e        0x4 c:/winavr-20100110/bin/../lib/gcc/avr/4.3.3/../../../../avr/lib/avr5/crtm32.o
                0x0000008e                __vector_12
                0x0000008e                __bad_interrupt
                0x0000008e                __vector_6
                0x0000008e                __vector_13
                0x0000008e                __vector_17
                0x0000008e                __vector_19
                0x0000008e                __vector_7
                0x0000008e                __vector_5
                0x0000008e                __vector_4
                0x0000008e                __vector_9
                0x0000008e                __vector_15
                0x0000008e                __vector_8
                0x0000008e                __vector_14
                0x0000008e                __vector_16
                0x0000008e                __vector_18
                0x0000008e                __vector_20
 .text          0x00000092        0x0 ./MCAL/USART/USART_Program.o
 .text          0x00000092        0x0 ./MCAL/TIMER0/TIMER0_Program.o
 .text          0x00000092        0x0 ./MCAL/EXT_ISR/EXT_ISR_Program.o
 .text          0x00000092        0x0 ./MCAL/DIO/DIO_Program.o
 .text          0x00000092        0x0 ./HAL/_7Segment/_7_Program.o
 .text          0x00000092        0x0 ./HAL/MOTOR/MOTOR_Program.o
 .text          0x00000092        0x0 ./HAL/LED/LED_Program.o
 .text          0x00000092        0x0 ./HAL/LCD/LCD_Program.o
 .text          0x00000092        0x0 ./HAL/Keybad/Keybad_Program.o
 .text          0x00000092        0x0 ./HAL/IR/IR.o
 .text          0x00000092        0x0 ./HAL/Button/Button_Program.o
 .text          0x00000092        0x0 ./APP/TIMER0/_01_TIMER0_APP.o
 .text          0x00000092        0x0 ./APP/TIMER0/_02_TIMER_APP.o
 .text          0x00000092        0x0 ./APP/TEST/IR_withMotors.o
 .text          0x00000092        0x0 ./APP/TEST/pwm_test.o
 .text          0x00000092        0x0 ./APP/MOTOR_TEST/MOTOR_TEST.o
 .text          0x00000092        0x0 ./APP/MINE_ROBOT/MINE_ROBOT.o
 .text          0x00000092        0x0 ./APP/09_APP_USART/09_APP_USART.o
 .text          0x00000092        0x0 ./APP/05APP_EXT/05APP_EXT.o
 .text          0x00000092        0x0 ./APP/04APP_KEYBAD/04APP_KEYBAD.o
 .text          0x00000092        0x0 ./APP/03APP_LCD/03APP_LCD.o
 .text          0x00000092        0x0 ./APP/02APP_7SEGMENT/02APP_7SEGMENT.o
 .text          0x00000092        0x0 ./APP/01APP_BUTTON/01APP_BUTTON.o
 .text          0x00000092        0x0 ./APP/00APP_LED/00APP_LED.o
 .text          0x00000092        0x0 ./APP/main.o
 .text          0x00000092        0x0 c:/winavr-20100110/bin/../lib/gcc/avr/4.3.3/avr5\libgcc.a(_exit.o)
 .text          0x00000092        0x0 c:/winavr-20100110/bin/../lib/gcc/avr/4.3.3/avr5\libgcc.a(_copy_data.o)
 .text          0x00000092        0x0 c:/winavr-20100110/bin/../lib/gcc/avr/4.3.3/avr5\libgcc.a(_clear_bss.o)
 .text          0x00000092       0x58 c:/winavr-20100110/bin/../lib/gcc/avr/4.3.3/avr5\libgcc.a(_fixunssfsi.o)
                0x00000092                __fixunssfsi
 .text          0x000000ea      0x354 c:/winavr-20100110/bin/../lib/gcc/avr/4.3.3/avr5\libgcc.a(_addsub_sf.o)
                0x00000382                __subsf3
                0x000003e4                __addsf3
 .text          0x0000043e      0x1f4 c:/winavr-20100110/bin/../lib/gcc/avr/4.3.3/avr5\libgcc.a(_mul_sf.o)
                0x0000043e                __mulsf3
 .text          0x00000632      0x158 c:/winavr-20100110/bin/../lib/gcc/avr/4.3.3/avr5\libgcc.a(_div_sf.o)
                0x00000632                __divsf3
 .text          0x0000078a       0x60 c:/winavr-20100110/bin/../lib/gcc/avr/4.3.3/avr5\libgcc.a(_gt_sf.o)
                0x0000078a                __gtsf2
 .text          0x000007ea       0x60 c:/winavr-20100110/bin/../lib/gcc/avr/4.3.3/avr5\libgcc.a(_ge_sf.o)
                0x000007ea                __gesf2
 .text          0x0000084a       0x60 c:/winavr-20100110/bin/../lib/gcc/avr/4.3.3/avr5\libgcc.a(_lt_sf.o)
                0x0000084a                __ltsf2
 .text          0x000008aa       0xa8 c:/winavr-20100110/bin/../lib/gcc/avr/4.3.3/avr5\libgcc.a(_sf_to_si.o)
                0x000008aa                __fixsfsi
 .text          0x00000952        0x0 c:/winavr-20100110/bin/../lib/gcc/avr/4.3.3/avr5\libgcc.a(_thenan_sf.o)
 .text          0x00000952        0x0 c:/winavr-20100110/bin/../lib/gcc/avr/4.3.3/avr5\libgcc.a(_prologue.o)
 .text          0x00000952        0x0 c:/winavr-20100110/bin/../lib/gcc/avr/4.3.3/avr5\libgcc.a(_epilogue.o)
 .text          0x00000952      0x1aa c:/winavr-20100110/bin/../lib/gcc/avr/4.3.3/avr5\libgcc.a(_pack_sf.o)
                0x00000952                __pack_f
 .text          0x00000afc       0xf0 c:/winavr-20100110/bin/../lib/gcc/avr/4.3.3/avr5\libgcc.a(_unpack_sf.o)
                0x00000afc                __unpack_f
 .text          0x00000bec       0xb2 c:/winavr-20100110/bin/../lib/gcc/avr/4.3.3/avr5\libgcc.a(_fpcmp_parts_sf.o)
                0x00000bec                __fpcmp_parts_f
 .text          0x00000c9e        0x0 c:/winavr-20100110/bin/../lib/gcc/avr/4.3.3/../../../../avr/lib/avr5\libc.a(itoa.o)
 .text          0x00000c9e        0x0 c:/winavr-20100110/bin/../lib/gcc/avr/4.3.3/../../../../avr/lib/avr5\libc.a(strrev.o)
 .text          0x00000c9e        0x0 c:/winavr-20100110/bin/../lib/gcc/avr/4.3.3/avr5\libgcc.a(_udivmodhi4.o)
                0x00000c9e                . = ALIGN (0x2)
 *(.text.*)
 .text.USART_voidInit
                0x00000c9e       0xb4 ./MCAL/USART/USART_Program.o
                0x00000c9e                USART_voidInit
 .text.USART_voidSendData
                0x00000d52       0x34 ./MCAL/USART/USART_Program.o
                0x00000d52                USART_voidSendData
 .text.USART_u8RreceiveData
                0x00000d86       0x1e ./MCAL/USART/USART_Program.o
                0x00000d86                USART_u8RreceiveData
 .text.USART_voidDisableTransmitter
                0x00000da4       0x1c ./MCAL/USART/USART_Program.o
                0x00000da4                USART_voidDisableTransmitter
 .text.USART_voidEnableTransmitter
                0x00000dc0       0x1c ./MCAL/USART/USART_Program.o
                0x00000dc0                USART_voidEnableTransmitter
 .text.TIMER0_voidInit
                0x00000ddc       0x70 ./MCAL/TIMER0/TIMER0_Program.o
                0x00000ddc                TIMER0_voidInit
 .text.PWM0_init
                0x00000e4c       0x24 ./MCAL/TIMER0/TIMER0_Program.o
                0x00000e4c                PWM0_init
 .text.PWM0_dutycycle
                0x00000e70       0x20 ./MCAL/TIMER0/TIMER0_Program.o
                0x00000e70                PWM0_dutycycle
 .text.PWM1_init
                0x00000e90       0x44 ./MCAL/TIMER0/TIMER0_Program.o
                0x00000e90                PWM1_init
 .text.PWM1_Adutycycle
                0x00000ed4       0x2e ./MCAL/TIMER0/TIMER0_Program.o
                0x00000ed4                PWM1_Adutycycle
 .text.PWM1_Bdutycycle
                0x00000f02       0x2e ./MCAL/TIMER0/TIMER0_Program.o
                0x00000f02                PWM1_Bdutycycle
 .text.EXT_ISR0voidInit
                0x00000f30       0x38 ./MCAL/EXT_ISR/EXT_ISR_Program.o
                0x00000f30                EXT_ISR0voidInit
 .text.EXT_ISR1voidInit
                0x00000f68       0x2a ./MCAL/EXT_ISR/EXT_ISR_Program.o
                0x00000f68                EXT_ISR1voidInit
 .text.EXT_ISR2voidInit
                0x00000f92       0x1c ./MCAL/EXT_ISR/EXT_ISR_Program.o
                0x00000f92                EXT_ISR2voidInit
 .text.EXT_GIE_STATEvoidInit
                0x00000fae       0x1c ./MCAL/EXT_ISR/EXT_ISR_Program.o
                0x00000fae                EXT_GIE_STATEvoidInit
 .text.DIO_voidSetPinDirection
                0x00000fca      0x200 ./MCAL/DIO/DIO_Program.o
                0x00000fca                DIO_voidSetPinDirection
 .text.DIO_voidSetPinValue
                0x000011ca      0x200 ./MCAL/DIO/DIO_Program.o
                0x000011ca                DIO_voidSetPinValue
 .text.DIO_voidPinToggle
                0x000013ca       0xfa ./MCAL/DIO/DIO_Program.o
                0x000013ca                DIO_voidPinToggle
 .text.DIO_u8GetPinValue
                0x000014c4       0xf2 ./MCAL/DIO/DIO_Program.o
                0x000014c4                DIO_u8GetPinValue
 .text.DIO_voidSetPortDirection
                0x000015b6       0x82 ./MCAL/DIO/DIO_Program.o
                0x000015b6                DIO_voidSetPortDirection
 .text.DIO_voidSetPortValue
                0x00001638       0x82 ./MCAL/DIO/DIO_Program.o
                0x00001638                DIO_voidSetPortValue
 .text._7Segment_voidInit
                0x000016ba       0x16 ./HAL/_7Segment/_7_Program.o
                0x000016ba                _7Segment_voidInit
 .text._7Segment_Status
                0x000016d0       0x36 ./HAL/_7Segment/_7_Program.o
                0x000016d0                _7Segment_Status
 .text._7Segment_SpecificNumber
                0x00001706       0xc2 ./HAL/_7Segment/_7_Program.o
                0x00001706                _7Segment_SpecificNumber
 .text._7Segment0To9
                0x000017c8       0xd0 ./HAL/_7Segment/_7_Program.o
                0x000017c8                _7Segment0To9
 .text.MOTOR_voidInit
                0x00001898       0x46 ./HAL/MOTOR/MOTOR_Program.o
                0x00001898                MOTOR_voidInit
 .text.MOTOR_voidForward
                0x000018de       0x3a ./HAL/MOTOR/MOTOR_Program.o
                0x000018de                MOTOR_voidForward
 .text.MOTOR_voidLeft
                0x00001918       0x5a ./HAL/MOTOR/MOTOR_Program.o
                0x00001918                MOTOR_voidLeft
 .text.MOTOR_voidRight
                0x00001972       0x5a ./HAL/MOTOR/MOTOR_Program.o
                0x00001972                MOTOR_voidRight
 .text.MOTOR_voidBackword
                0x000019cc       0x3a ./HAL/MOTOR/MOTOR_Program.o
                0x000019cc                MOTOR_voidBackword
 .text.MOTOR_voidStopMotor
                0x00001a06       0x3a ./HAL/MOTOR/MOTOR_Program.o
                0x00001a06                MOTOR_voidStopMotor
 .text.MOTOR_voidSetSpeed
                0x00001a40       0x66 ./HAL/MOTOR/MOTOR_Program.o
                0x00001a40                MOTOR_voidSetSpeed
 .text.LED_voidInit
                0x00001aa6       0x22 ./HAL/LED/LED_Program.o
                0x00001aa6                LED_voidInit
 .text.LED_voidOn
                0x00001ac8       0x22 ./HAL/LED/LED_Program.o
                0x00001ac8                LED_voidOn
 .text.LED_voidOff
                0x00001aea       0x22 ./HAL/LED/LED_Program.o
                0x00001aea                LED_voidOff
 .text.LED_voidToggle
                0x00001b0c       0x20 ./HAL/LED/LED_Program.o
                0x00001b0c                LED_voidToggle
 .text.LCD_voidSendCommand
                0x00001b2c      0x13c ./HAL/LCD/LCD_Program.o
                0x00001b2c                LCD_voidSendCommand
 .text.LCD_voidSendData
                0x00001c68      0x13c ./HAL/LCD/LCD_Program.o
                0x00001c68                LCD_voidSendData
 .text.LCD_voidHWInit
                0x00001da4       0x34 ./HAL/LCD/LCD_Program.o
                0x00001da4                LCD_voidHWInit
 .text.LCD_voidSWInit
                0x00001dd8      0x414 ./HAL/LCD/LCD_Program.o
                0x00001dd8                LCD_voidSWInit
 .text.LCD_voidSendString
                0x000021ec       0x52 ./HAL/LCD/LCD_Program.o
                0x000021ec                LCD_voidSendString
 .text.LCD_voidSendNumber
                0x0000223e       0x46 ./HAL/LCD/LCD_Program.o
                0x0000223e                LCD_voidSendNumber
 .text.Keybad_u8Value
                0x00002284      0x14e ./HAL/Keybad/Keybad_Program.o
 .text.Keybad_voidInit
                0x000023d2       0x24 ./HAL/Keybad/Keybad_Program.o
                0x000023d2                Keybad_voidInit
 .text.Keybad_u8ReturnData
                0x000023f6      0x184 ./HAL/Keybad/Keybad_Program.o
                0x000023f6                Keybad_u8ReturnData
 .text.IR_voidInit
                0x0000257a       0x22 ./HAL/IR/IR.o
                0x0000257a                IR_voidInit
 .text.IR_boolCheckObstical
                0x0000259c       0x38 ./HAL/IR/IR.o
                0x0000259c                IR_boolCheckObstical
 .text.Button_voidInit
                0x000025d4       0x2c ./HAL/Button/Button_Program.o
                0x000025d4                Button_voidInit
 .text.Button_voidPullUp
                0x00002600       0x20 ./HAL/Button/Button_Program.o
                0x00002600                Button_voidPullUp
 .text.Button_voidPullDown
                0x00002620       0x20 ./HAL/Button/Button_Program.o
                0x00002620                Button_voidPullDown
 .text._01_TIEMR0_APP
                0x00002640       0x36 ./APP/TIMER0/_01_TIMER0_APP.o
                0x00002640                _01_TIEMR0_APP
 .text.__vector_11
                0x00002676      0x186 ./APP/TIMER0/_01_TIMER0_APP.o
                0x00002676                __vector_11
 .text.__vector_10
                0x000027fc      0x184 ./APP/TIMER0/_01_TIMER0_APP.o
                0x000027fc                __vector_10
 .text._02_TIEMR0_APP
                0x00002980      0x11c ./APP/TIMER0/_02_TIMER_APP.o
                0x00002980                _02_TIEMR0_APP
 .text.TEST_void001test
                0x00002a9c      0x1a0 ./APP/TEST/IR_withMotors.o
                0x00002a9c                TEST_void001test
 .text.test_dutycycle_for_timer1
                0x00002c3c      0x136 ./APP/TEST/pwm_test.o
                0x00002c3c                test_dutycycle_for_timer1
 .text.test_led
                0x00002d72      0x10a ./APP/TEST/pwm_test.o
                0x00002d72                test_led
 .text.MOTOR_TESTvoidSINGLE
                0x00002e7c       0x7c ./APP/MOTOR_TEST/MOTOR_TEST.o
                0x00002e7c                MOTOR_TESTvoidSINGLE
 .text.MINE_ROBOTvoidFullApp
                0x00002ef8       0x12 ./APP/MINE_ROBOT/MINE_ROBOT.o
                0x00002ef8                MINE_ROBOTvoidFullApp
 .text.MINE_ROBOTvoidSensorsInit
                0x00002f0a        0xe ./APP/MINE_ROBOT/MINE_ROBOT.o
                0x00002f0a                MINE_ROBOTvoidSensorsInit
 .text.MINE_ROBOTvoidActuatorsInit
                0x00002f18       0x3e ./APP/MINE_ROBOT/MINE_ROBOT.o
                0x00002f18                MINE_ROBOTvoidActuatorsInit
 .text.MINE_ROBTOvoidReadUltrasonic
                0x00002f56       0x14 ./APP/MINE_ROBOT/MINE_ROBOT.o
                0x00002f56                MINE_ROBTOvoidReadUltrasonic
 .text._09_UART_APP
                0x00002f6a       0x2e ./APP/09_APP_USART/09_APP_USART.o
                0x00002f6a                _09_UART_APP
 .text._05_EXT_APP
                0x00002f98        0xa ./APP/05APP_EXT/05APP_EXT.o
                0x00002f98                _05_EXT_APP
 .text.__vector_1
                0x00002fa2       0x20 ./APP/05APP_EXT/05APP_EXT.o
                0x00002fa2                __vector_1
 .text.__vector_2
                0x00002fc2       0x20 ./APP/05APP_EXT/05APP_EXT.o
                0x00002fc2                __vector_2
 .text.__vector_3
                0x00002fe2       0x20 ./APP/05APP_EXT/05APP_EXT.o
                0x00002fe2                __vector_3
 .text._04_KEYBAD_APP
                0x00003002       0x32 ./APP/04APP_KEYBAD/04APP_KEYBAD.o
                0x00003002                _04_KEYBAD_APP
 .text._03_LCD_APP
                0x00003034       0x40 ./APP/03APP_LCD/03APP_LCD.o
                0x00003034                _03_LCD_APP
 .text._02_7SEGMENT_APP
                0x00003074      0x11c ./APP/02APP_7SEGMENT/02APP_7SEGMENT.o
                0x00003074                _02_7SEGMENT_APP
 .text._01_BUTTON_APP
                0x00003190       0x44 ./APP/01APP_BUTTON/01APP_BUTTON.o
                0x00003190                _01_BUTTON_APP
 .text._02_BUTTON_APP
                0x000031d4       0x64 ./APP/01APP_BUTTON/01APP_BUTTON.o
                0x000031d4                _02_BUTTON_APP
 .text._00_LED_APP1
                0x00003238      0x1f6 ./APP/00APP_LED/00APP_LED.o
                0x00003238                _00_LED_APP1
 .text._00_LED_APP2
                0x0000342e      0x24a ./APP/00APP_LED/00APP_LED.o
                0x0000342e                _00_LED_APP2
 .text.main     0x00003678      0x1c8 ./APP/main.o
                0x00003678                main
 .text.libgcc   0x00003840        0x0 c:/winavr-20100110/bin/../lib/gcc/avr/4.3.3/avr5\libgcc.a(_exit.o)
 .text.libgcc   0x00003840        0x0 c:/winavr-20100110/bin/../lib/gcc/avr/4.3.3/avr5\libgcc.a(_copy_data.o)
 .text.libgcc   0x00003840        0x0 c:/winavr-20100110/bin/../lib/gcc/avr/4.3.3/avr5\libgcc.a(_clear_bss.o)
 .text.libgcc   0x00003840       0x38 c:/winavr-20100110/bin/../lib/gcc/avr/4.3.3/avr5\libgcc.a(_prologue.o)
                0x00003840                __prologue_saves__
 .text.libgcc   0x00003878       0x36 c:/winavr-20100110/bin/../lib/gcc/avr/4.3.3/avr5\libgcc.a(_epilogue.o)
                0x00003878                __epilogue_restores__
 .text.avr-libc
                0x000038ae       0x42 c:/winavr-20100110/bin/../lib/gcc/avr/4.3.3/../../../../avr/lib/avr5\libc.a(itoa.o)
                0x000038ae                itoa
 .text.avr-libc
                0x000038f0       0x20 c:/winavr-20100110/bin/../lib/gcc/avr/4.3.3/../../../../avr/lib/avr5\libc.a(strrev.o)
                0x000038f0                strrev
 .text.libgcc   0x00003910       0x28 c:/winavr-20100110/bin/../lib/gcc/avr/4.3.3/avr5\libgcc.a(_udivmodhi4.o)
                0x00003910                __udivmodhi4
                0x00003938                . = ALIGN (0x2)
 *(.fini9)
 .fini9         0x00003938        0x0 c:/winavr-20100110/bin/../lib/gcc/avr/4.3.3/avr5\libgcc.a(_exit.o)
                0x00003938                exit
                0x00003938                _exit
 *(.fini9)
 *(.fini8)
 *(.fini8)
 *(.fini7)
 *(.fini7)
 *(.fini6)
 *(.fini6)
 *(.fini5)
 *(.fini5)
 *(.fini4)
 *(.fini4)
 *(.fini3)
 *(.fini3)
 *(.fini2)
 *(.fini2)
 *(.fini1)
 *(.fini1)
 *(.fini0)
 .fini0         0x00003938        0x4 c:/winavr-20100110/bin/../lib/gcc/avr/4.3.3/avr5\libgcc.a(_exit.o)
 *(.fini0)
                0x0000393c                _etext = .

.data           0x00800060       0x38 load address 0x0000393c
                0x00800060                PROVIDE (__data_start, .)
 *(.data)
 .data          0x00800060        0x0 c:/winavr-20100110/bin/../lib/gcc/avr/4.3.3/../../../../avr/lib/avr5/crtm32.o
 .data          0x00800060        0x0 ./MCAL/USART/USART_Program.o
 .data          0x00800060        0x0 ./MCAL/TIMER0/TIMER0_Program.o
 .data          0x00800060        0x0 ./MCAL/EXT_ISR/EXT_ISR_Program.o
 .data          0x00800060        0x0 ./MCAL/DIO/DIO_Program.o
 .data          0x00800060        0x0 ./HAL/_7Segment/_7_Program.o
 .data          0x00800060        0x0 ./HAL/MOTOR/MOTOR_Program.o
 .data          0x00800060        0x0 ./HAL/LED/LED_Program.o
 .data          0x00800060        0x0 ./HAL/LCD/LCD_Program.o
 .data          0x00800060        0x0 ./HAL/Keybad/Keybad_Program.o
 .data          0x00800060        0x0 ./HAL/IR/IR.o
 .data          0x00800060        0x0 ./HAL/Button/Button_Program.o
 .data          0x00800060        0x0 ./APP/TIMER0/_01_TIMER0_APP.o
 .data          0x00800060        0x0 ./APP/TIMER0/_02_TIMER_APP.o
 .data          0x00800060        0x0 ./APP/TEST/IR_withMotors.o
 .data          0x00800060        0x0 ./APP/TEST/pwm_test.o
 .data          0x00800060        0x0 ./APP/MOTOR_TEST/MOTOR_TEST.o
 .data          0x00800060        0x0 ./APP/MINE_ROBOT/MINE_ROBOT.o
 .data          0x00800060        0x0 ./APP/09_APP_USART/09_APP_USART.o
 .data          0x00800060        0x0 ./APP/05APP_EXT/05APP_EXT.o
 .data          0x00800060        0x0 ./APP/04APP_KEYBAD/04APP_KEYBAD.o
 .data          0x00800060        0x0 ./APP/03APP_LCD/03APP_LCD.o
 .data          0x00800060        0x0 ./APP/02APP_7SEGMENT/02APP_7SEGMENT.o
 .data          0x00800060        0x0 ./APP/01APP_BUTTON/01APP_BUTTON.o
 .data          0x00800060        0x0 ./APP/00APP_LED/00APP_LED.o
 .data          0x00800060        0x0 ./APP/main.o
 .data          0x00800060        0x0 c:/winavr-20100110/bin/../lib/gcc/avr/4.3.3/avr5\libgcc.a(_exit.o)
 .data          0x00800060        0x0 c:/winavr-20100110/bin/../lib/gcc/avr/4.3.3/avr5\libgcc.a(_copy_data.o)
 .data          0x00800060        0x0 c:/winavr-20100110/bin/../lib/gcc/avr/4.3.3/avr5\libgcc.a(_clear_bss.o)
 .data          0x00800060        0x0 c:/winavr-20100110/bin/../lib/gcc/avr/4.3.3/avr5\libgcc.a(_fixunssfsi.o)
 .data          0x00800060        0x0 c:/winavr-20100110/bin/../lib/gcc/avr/4.3.3/avr5\libgcc.a(_addsub_sf.o)
 .data          0x00800060        0x0 c:/winavr-20100110/bin/../lib/gcc/avr/4.3.3/avr5\libgcc.a(_mul_sf.o)
 .data          0x00800060        0x0 c:/winavr-20100110/bin/../lib/gcc/avr/4.3.3/avr5\libgcc.a(_div_sf.o)
 .data          0x00800060        0x0 c:/winavr-20100110/bin/../lib/gcc/avr/4.3.3/avr5\libgcc.a(_gt_sf.o)
 .data          0x00800060        0x0 c:/winavr-20100110/bin/../lib/gcc/avr/4.3.3/avr5\libgcc.a(_ge_sf.o)
 .data          0x00800060        0x0 c:/winavr-20100110/bin/../lib/gcc/avr/4.3.3/avr5\libgcc.a(_lt_sf.o)
 .data          0x00800060        0x0 c:/winavr-20100110/bin/../lib/gcc/avr/4.3.3/avr5\libgcc.a(_sf_to_si.o)
 .data          0x00800060        0x8 c:/winavr-20100110/bin/../lib/gcc/avr/4.3.3/avr5\libgcc.a(_thenan_sf.o)
                0x00800060                __thenan_sf
 .data          0x00800068        0x0 c:/winavr-20100110/bin/../lib/gcc/avr/4.3.3/avr5\libgcc.a(_prologue.o)
 .data          0x00800068        0x0 c:/winavr-20100110/bin/../lib/gcc/avr/4.3.3/avr5\libgcc.a(_epilogue.o)
 .data          0x00800068        0x0 c:/winavr-20100110/bin/../lib/gcc/avr/4.3.3/avr5\libgcc.a(_pack_sf.o)
 .data          0x00800068        0x0 c:/winavr-20100110/bin/../lib/gcc/avr/4.3.3/avr5\libgcc.a(_unpack_sf.o)
 .data          0x00800068        0x0 c:/winavr-20100110/bin/../lib/gcc/avr/4.3.3/avr5\libgcc.a(_fpcmp_parts_sf.o)
 .data          0x00800068        0x0 c:/winavr-20100110/bin/../lib/gcc/avr/4.3.3/../../../../avr/lib/avr5\libc.a(itoa.o)
 .data          0x00800068        0x0 c:/winavr-20100110/bin/../lib/gcc/avr/4.3.3/../../../../avr/lib/avr5\libc.a(strrev.o)
 .data          0x00800068        0x0 c:/winavr-20100110/bin/../lib/gcc/avr/4.3.3/avr5\libgcc.a(_udivmodhi4.o)
 *(.data*)
 .data.motor1   0x00800068        0x4 ./APP/MINE_ROBOT/MINE_ROBOT.o
                0x00800068                motor1
 .data.motor2   0x0080006c        0x4 ./APP/MINE_ROBOT/MINE_ROBOT.o
                0x0080006c                motor2
 *(.rodata)
 *(.rodata*)
 .rodata.C.1.1232
                0x00800070        0xa ./HAL/_7Segment/_7_Program.o
 .rodata.C.0.1231
                0x0080007a        0xa ./HAL/_7Segment/_7_Program.o
 .rodata.C.3.1251
                0x00800084        0xa ./HAL/_7Segment/_7_Program.o
 .rodata.C.2.1250
                0x0080008e        0xa ./HAL/_7Segment/_7_Program.o
 *(.gnu.linkonce.d*)
                0x00800098                . = ALIGN (0x2)
                0x00800098                _edata = .
                0x00800098                PROVIDE (__data_end, .)

.bss            0x00800098        0xc
                0x00800098                PROVIDE (__bss_start, .)
 *(.bss)
 .bss           0x00800098        0x0 c:/winavr-20100110/bin/../lib/gcc/avr/4.3.3/../../../../avr/lib/avr5/crtm32.o
 .bss           0x00800098        0x0 ./MCAL/USART/USART_Program.o
 .bss           0x00800098        0x0 ./MCAL/TIMER0/TIMER0_Program.o
 .bss           0x00800098        0x0 ./MCAL/EXT_ISR/EXT_ISR_Program.o
 .bss           0x00800098        0x0 ./MCAL/DIO/DIO_Program.o
 .bss           0x00800098        0x0 ./HAL/_7Segment/_7_Program.o
 .bss           0x00800098        0x0 ./HAL/MOTOR/MOTOR_Program.o
 .bss           0x00800098        0x0 ./HAL/LED/LED_Program.o
 .bss           0x00800098        0x0 ./HAL/LCD/LCD_Program.o
 .bss           0x00800098        0x0 ./HAL/Keybad/Keybad_Program.o
 .bss           0x00800098        0x0 ./HAL/IR/IR.o
 .bss           0x00800098        0x0 ./HAL/Button/Button_Program.o
 .bss           0x00800098        0x0 ./APP/TIMER0/_01_TIMER0_APP.o
 .bss           0x00800098        0x0 ./APP/TIMER0/_02_TIMER_APP.o
 .bss           0x00800098        0x0 ./APP/TEST/IR_withMotors.o
 .bss           0x00800098        0x0 ./APP/TEST/pwm_test.o
 .bss           0x00800098        0x0 ./APP/MOTOR_TEST/MOTOR_TEST.o
 .bss           0x00800098        0x0 ./APP/MINE_ROBOT/MINE_ROBOT.o
 .bss           0x00800098        0x0 ./APP/09_APP_USART/09_APP_USART.o
 .bss           0x00800098        0x0 ./APP/05APP_EXT/05APP_EXT.o
 .bss           0x00800098        0x0 ./APP/04APP_KEYBAD/04APP_KEYBAD.o
 .bss           0x00800098        0x0 ./APP/03APP_LCD/03APP_LCD.o
 .bss           0x00800098        0x0 ./APP/02APP_7SEGMENT/02APP_7SEGMENT.o
 .bss           0x00800098        0x0 ./APP/01APP_BUTTON/01APP_BUTTON.o
 .bss           0x00800098        0x0 ./APP/00APP_LED/00APP_LED.o
 .bss           0x00800098        0x0 ./APP/main.o
 .bss           0x00800098        0x0 c:/winavr-20100110/bin/../lib/gcc/avr/4.3.3/avr5\libgcc.a(_exit.o)
 .bss           0x00800098        0x0 c:/winavr-20100110/bin/../lib/gcc/avr/4.3.3/avr5\libgcc.a(_copy_data.o)
 .bss           0x00800098        0x0 c:/winavr-20100110/bin/../lib/gcc/avr/4.3.3/avr5\libgcc.a(_clear_bss.o)
 .bss           0x00800098        0x0 c:/winavr-20100110/bin/../lib/gcc/avr/4.3.3/avr5\libgcc.a(_fixunssfsi.o)
 .bss           0x00800098        0x0 c:/winavr-20100110/bin/../lib/gcc/avr/4.3.3/avr5\libgcc.a(_addsub_sf.o)
 .bss           0x00800098        0x0 c:/winavr-20100110/bin/../lib/gcc/avr/4.3.3/avr5\libgcc.a(_mul_sf.o)
 .bss           0x00800098        0x0 c:/winavr-20100110/bin/../lib/gcc/avr/4.3.3/avr5\libgcc.a(_div_sf.o)
 .bss           0x00800098        0x0 c:/winavr-20100110/bin/../lib/gcc/avr/4.3.3/avr5\libgcc.a(_gt_sf.o)
 .bss           0x00800098        0x0 c:/winavr-20100110/bin/../lib/gcc/avr/4.3.3/avr5\libgcc.a(_ge_sf.o)
 .bss           0x00800098        0x0 c:/winavr-20100110/bin/../lib/gcc/avr/4.3.3/avr5\libgcc.a(_lt_sf.o)
 .bss           0x00800098        0x0 c:/winavr-20100110/bin/../lib/gcc/avr/4.3.3/avr5\libgcc.a(_sf_to_si.o)
 .bss           0x00800098        0x0 c:/winavr-20100110/bin/../lib/gcc/avr/4.3.3/avr5\libgcc.a(_thenan_sf.o)
 .bss           0x00800098        0x0 c:/winavr-20100110/bin/../lib/gcc/avr/4.3.3/avr5\libgcc.a(_prologue.o)
 .bss           0x00800098        0x0 c:/winavr-20100110/bin/../lib/gcc/avr/4.3.3/avr5\libgcc.a(_epilogue.o)
 .bss           0x00800098        0x0 c:/winavr-20100110/bin/../lib/gcc/avr/4.3.3/avr5\libgcc.a(_pack_sf.o)
 .bss           0x00800098        0x0 c:/winavr-20100110/bin/../lib/gcc/avr/4.3.3/avr5\libgcc.a(_unpack_sf.o)
 .bss           0x00800098        0x0 c:/winavr-20100110/bin/../lib/gcc/avr/4.3.3/avr5\libgcc.a(_fpcmp_parts_sf.o)
 .bss           0x00800098        0x0 c:/winavr-20100110/bin/../lib/gcc/avr/4.3.3/../../../../avr/lib/avr5\libc.a(itoa.o)
 .bss           0x00800098        0x0 c:/winavr-20100110/bin/../lib/gcc/avr/4.3.3/../../../../avr/lib/avr5\libc.a(strrev.o)
 .bss           0x00800098        0x0 c:/winavr-20100110/bin/../lib/gcc/avr/4.3.3/avr5\libgcc.a(_udivmodhi4.o)
 *(.bss*)
 .bss.Counter.1447
                0x00800098        0x2 ./APP/TIMER0/_01_TIMER0_APP.o
 .bss.Counter.1476
                0x0080009a        0x2 ./APP/TIMER0/_01_TIMER0_APP.o
 *(COMMON)
 COMMON         0x0080009c        0x0 ./APP/TEST/IR_withMotors.o
 COMMON         0x0080009c        0x8 ./APP/MOTOR_TEST/MOTOR_TEST.o
                0x0080009c                test_motor2
                0x008000a0                test_motor1
                0x008000a4                PROVIDE (__bss_end, .)
                0x0000393c                __data_load_start = LOADADDR (.data)
                0x00003974                __data_load_end = (__data_load_start + SIZEOF (.data))

.noinit         0x008000a4        0x0
                0x008000a4                PROVIDE (__noinit_start, .)
 *(.noinit*)
                0x008000a4                PROVIDE (__noinit_end, .)
                0x008000a4                _end = .
                0x008000a4                PROVIDE (__heap_start, .)

.eeprom         0x00810000        0x0
 *(.eeprom*)
                0x00810000                __eeprom_end = .

.fuse
 *(.fuse)
 *(.lfuse)
 *(.hfuse)
 *(.efuse)

.lock
 *(.lock*)

.signature
 *(.signature*)

.stab           0x00000000     0x61d4
 *(.stab)
 .stab          0x00000000      0x33c ./MCAL/USART/USART_Program.o
 .stab          0x0000033c      0x678 ./MCAL/TIMER0/TIMER0_Program.o
                                0x684 (size before relaxing)
 .stab          0x000009b4      0x258 ./MCAL/EXT_ISR/EXT_ISR_Program.o
                                0x264 (size before relaxing)
 .stab          0x00000c0c      0x51c ./MCAL/DIO/DIO_Program.o
                                0x528 (size before relaxing)
 .stab          0x00001128      0x33c ./HAL/_7Segment/_7_Program.o
                                0x348 (size before relaxing)
 .stab          0x00001464      0x5b8 ./HAL/MOTOR/MOTOR_Program.o
                                0x774 (size before relaxing)
 .stab          0x00001a1c      0x294 ./HAL/LED/LED_Program.o
                                0x2a0 (size before relaxing)
 .stab          0x00001cb0      0x888 ./HAL/LCD/LCD_Program.o
                                0xa14 (size before relaxing)
 .stab          0x00002538      0x4b0 ./HAL/Keybad/Keybad_Program.o
                                0x654 (size before relaxing)
 .stab          0x000029e8      0x258 ./HAL/IR/IR.o
                                0x264 (size before relaxing)
 .stab          0x00002c40      0x258 ./HAL/Button/Button_Program.o
                                0x264 (size before relaxing)
 .stab          0x00002e98      0x5d0 ./APP/TIMER0/_01_TIMER0_APP.o
                                0x78c (size before relaxing)
 .stab          0x00003468      0x258 ./APP/TIMER0/_02_TIMER_APP.o
                                0x5dc (size before relaxing)
 .stab          0x000036c0      0x4f8 ./APP/TEST/IR_withMotors.o
                                0x6b4 (size before relaxing)
 .stab          0x00003bb8      0x510 ./APP/TEST/pwm_test.o
                                0x6cc (size before relaxing)
 .stab          0x000040c8      0x3d8 ./APP/MOTOR_TEST/MOTOR_TEST.o
                                0x594 (size before relaxing)
 .stab          0x000044a0      0x408 ./APP/MINE_ROBOT/MINE_ROBOT.o
                                0x5c4 (size before relaxing)
 .stab          0x000048a8      0x1f8 ./APP/09_APP_USART/09_APP_USART.o
                                0x204 (size before relaxing)
 .stab          0x00004aa0      0x234 ./APP/05APP_EXT/05APP_EXT.o
                                0x3d8 (size before relaxing)
 .stab          0x00004cd4      0x234 ./APP/04APP_KEYBAD/04APP_KEYBAD.o
                                0x3d8 (size before relaxing)
 .stab          0x00004f08      0x240 ./APP/03APP_LCD/03APP_LCD.o
                                0x3e4 (size before relaxing)
 .stab          0x00005148      0x2d0 ./APP/02APP_7SEGMENT/02APP_7SEGMENT.o
                                0x474 (size before relaxing)
 .stab          0x00005418      0x2f4 ./APP/01APP_BUTTON/01APP_BUTTON.o
                                0x498 (size before relaxing)
 .stab          0x0000570c      0x5b8 ./APP/00APP_LED/00APP_LED.o
                                0x75c (size before relaxing)
 .stab          0x00005cc4      0x510 ./APP/main.o
                                0x6cc (size before relaxing)

.stabstr        0x00000000     0x4e8e
 *(.stabstr)
 .stabstr       0x00000000     0x4e8e ./MCAL/USART/USART_Program.o

.stab.excl
 *(.stab.excl)

.stab.exclstr
 *(.stab.exclstr)

.stab.index
 *(.stab.index)

.stab.indexstr
 *(.stab.indexstr)

.comment
 *(.comment)

.debug
 *(.debug)

.line
 *(.line)

.debug_srcinfo
 *(.debug_srcinfo)

.debug_sfnames
 *(.debug_sfnames)

.debug_aranges  0x00000000      0x160
 *(.debug_aranges)
 .debug_aranges
                0x00000000       0x20 c:/winavr-20100110/bin/../lib/gcc/avr/4.3.3/avr5\libgcc.a(_fixunssfsi.o)
 .debug_aranges
                0x00000020       0x20 c:/winavr-20100110/bin/../lib/gcc/avr/4.3.3/avr5\libgcc.a(_addsub_sf.o)
 .debug_aranges
                0x00000040       0x20 c:/winavr-20100110/bin/../lib/gcc/avr/4.3.3/avr5\libgcc.a(_mul_sf.o)
 .debug_aranges
                0x00000060       0x20 c:/winavr-20100110/bin/../lib/gcc/avr/4.3.3/avr5\libgcc.a(_div_sf.o)
 .debug_aranges
                0x00000080       0x20 c:/winavr-20100110/bin/../lib/gcc/avr/4.3.3/avr5\libgcc.a(_gt_sf.o)
 .debug_aranges
                0x000000a0       0x20 c:/winavr-20100110/bin/../lib/gcc/avr/4.3.3/avr5\libgcc.a(_ge_sf.o)
 .debug_aranges
                0x000000c0       0x20 c:/winavr-20100110/bin/../lib/gcc/avr/4.3.3/avr5\libgcc.a(_lt_sf.o)
 .debug_aranges
                0x000000e0       0x20 c:/winavr-20100110/bin/../lib/gcc/avr/4.3.3/avr5\libgcc.a(_sf_to_si.o)
 .debug_aranges
                0x00000100       0x20 c:/winavr-20100110/bin/../lib/gcc/avr/4.3.3/avr5\libgcc.a(_pack_sf.o)
 .debug_aranges
                0x00000120       0x20 c:/winavr-20100110/bin/../lib/gcc/avr/4.3.3/avr5\libgcc.a(_unpack_sf.o)
 .debug_aranges
                0x00000140       0x20 c:/winavr-20100110/bin/../lib/gcc/avr/4.3.3/avr5\libgcc.a(_fpcmp_parts_sf.o)

.debug_pubnames
                0x00000000      0x18f
 *(.debug_pubnames)
 .debug_pubnames
                0x00000000       0x23 c:/winavr-20100110/bin/../lib/gcc/avr/4.3.3/avr5\libgcc.a(_fixunssfsi.o)
 .debug_pubnames
                0x00000023       0x2c c:/winavr-20100110/bin/../lib/gcc/avr/4.3.3/avr5\libgcc.a(_addsub_sf.o)
 .debug_pubnames
                0x0000004f       0x1f c:/winavr-20100110/bin/../lib/gcc/avr/4.3.3/avr5\libgcc.a(_mul_sf.o)
 .debug_pubnames
                0x0000006e       0x1f c:/winavr-20100110/bin/../lib/gcc/avr/4.3.3/avr5\libgcc.a(_div_sf.o)
 .debug_pubnames
                0x0000008d       0x1e c:/winavr-20100110/bin/../lib/gcc/avr/4.3.3/avr5\libgcc.a(_gt_sf.o)
 .debug_pubnames
                0x000000ab       0x1e c:/winavr-20100110/bin/../lib/gcc/avr/4.3.3/avr5\libgcc.a(_ge_sf.o)
 .debug_pubnames
                0x000000c9       0x1e c:/winavr-20100110/bin/../lib/gcc/avr/4.3.3/avr5\libgcc.a(_lt_sf.o)
 .debug_pubnames
                0x000000e7       0x20 c:/winavr-20100110/bin/../lib/gcc/avr/4.3.3/avr5\libgcc.a(_sf_to_si.o)
 .debug_pubnames
                0x00000107       0x22 c:/winavr-20100110/bin/../lib/gcc/avr/4.3.3/avr5\libgcc.a(_thenan_sf.o)
 .debug_pubnames
                0x00000129       0x1f c:/winavr-20100110/bin/../lib/gcc/avr/4.3.3/avr5\libgcc.a(_pack_sf.o)
 .debug_pubnames
                0x00000148       0x21 c:/winavr-20100110/bin/../lib/gcc/avr/4.3.3/avr5\libgcc.a(_unpack_sf.o)
 .debug_pubnames
                0x00000169       0x26 c:/winavr-20100110/bin/../lib/gcc/avr/4.3.3/avr5\libgcc.a(_fpcmp_parts_sf.o)

.debug_info     0x00000000     0x2045
 *(.debug_info)
 .debug_info    0x00000000       0xb1 c:/winavr-20100110/bin/../lib/gcc/avr/4.3.3/avr5\libgcc.a(_fixunssfsi.o)
 .debug_info    0x000000b1      0x47a c:/winavr-20100110/bin/../lib/gcc/avr/4.3.3/avr5\libgcc.a(_addsub_sf.o)
 .debug_info    0x0000052b      0x485 c:/winavr-20100110/bin/../lib/gcc/avr/4.3.3/avr5\libgcc.a(_mul_sf.o)
 .debug_info    0x000009b0      0x3fc c:/winavr-20100110/bin/../lib/gcc/avr/4.3.3/avr5\libgcc.a(_div_sf.o)
 .debug_info    0x00000dac      0x27f c:/winavr-20100110/bin/../lib/gcc/avr/4.3.3/avr5\libgcc.a(_gt_sf.o)
 .debug_info    0x0000102b      0x27f c:/winavr-20100110/bin/../lib/gcc/avr/4.3.3/avr5\libgcc.a(_ge_sf.o)
 .debug_info    0x000012aa      0x27f c:/winavr-20100110/bin/../lib/gcc/avr/4.3.3/avr5\libgcc.a(_lt_sf.o)
 .debug_info    0x00001529      0x2b0 c:/winavr-20100110/bin/../lib/gcc/avr/4.3.3/avr5\libgcc.a(_sf_to_si.o)
 .debug_info    0x000017d9      0x12c c:/winavr-20100110/bin/../lib/gcc/avr/4.3.3/avr5\libgcc.a(_thenan_sf.o)
 .debug_info    0x00001905      0x2df c:/winavr-20100110/bin/../lib/gcc/avr/4.3.3/avr5\libgcc.a(_pack_sf.o)
 .debug_info    0x00001be4      0x251 c:/winavr-20100110/bin/../lib/gcc/avr/4.3.3/avr5\libgcc.a(_unpack_sf.o)
 .debug_info    0x00001e35      0x210 c:/winavr-20100110/bin/../lib/gcc/avr/4.3.3/avr5\libgcc.a(_fpcmp_parts_sf.o)
 *(.gnu.linkonce.wi.*)

.debug_abbrev   0x00000000     0x1101
 *(.debug_abbrev)
 .debug_abbrev  0x00000000       0x5d c:/winavr-20100110/bin/../lib/gcc/avr/4.3.3/avr5\libgcc.a(_fixunssfsi.o)
 .debug_abbrev  0x0000005d      0x1ea c:/winavr-20100110/bin/../lib/gcc/avr/4.3.3/avr5\libgcc.a(_addsub_sf.o)
 .debug_abbrev  0x00000247      0x21b c:/winavr-20100110/bin/../lib/gcc/avr/4.3.3/avr5\libgcc.a(_mul_sf.o)
 .debug_abbrev  0x00000462      0x216 c:/winavr-20100110/bin/../lib/gcc/avr/4.3.3/avr5\libgcc.a(_div_sf.o)
 .debug_abbrev  0x00000678      0x15a c:/winavr-20100110/bin/../lib/gcc/avr/4.3.3/avr5\libgcc.a(_gt_sf.o)
 .debug_abbrev  0x000007d2      0x15a c:/winavr-20100110/bin/../lib/gcc/avr/4.3.3/avr5\libgcc.a(_ge_sf.o)
 .debug_abbrev  0x0000092c      0x15a c:/winavr-20100110/bin/../lib/gcc/avr/4.3.3/avr5\libgcc.a(_lt_sf.o)
 .debug_abbrev  0x00000a86      0x17f c:/winavr-20100110/bin/../lib/gcc/avr/4.3.3/avr5\libgcc.a(_sf_to_si.o)
 .debug_abbrev  0x00000c05       0xad c:/winavr-20100110/bin/../lib/gcc/avr/4.3.3/avr5\libgcc.a(_thenan_sf.o)
 .debug_abbrev  0x00000cb2      0x1c0 c:/winavr-20100110/bin/../lib/gcc/avr/4.3.3/avr5\libgcc.a(_pack_sf.o)
 .debug_abbrev  0x00000e72      0x154 c:/winavr-20100110/bin/../lib/gcc/avr/4.3.3/avr5\libgcc.a(_unpack_sf.o)
 .debug_abbrev  0x00000fc6      0x13b c:/winavr-20100110/bin/../lib/gcc/avr/4.3.3/avr5\libgcc.a(_fpcmp_parts_sf.o)

.debug_line     0x00000000      0xf82
 *(.debug_line)
 .debug_line    0x00000000       0xa7 c:/winavr-20100110/bin/../lib/gcc/avr/4.3.3/avr5\libgcc.a(_fixunssfsi.o)
 .debug_line    0x000000a7      0x2af c:/winavr-20100110/bin/../lib/gcc/avr/4.3.3/avr5\libgcc.a(_addsub_sf.o)
 .debug_line    0x00000356      0x239 c:/winavr-20100110/bin/../lib/gcc/avr/4.3.3/avr5\libgcc.a(_mul_sf.o)
 .debug_line    0x0000058f      0x1d5 c:/winavr-20100110/bin/../lib/gcc/avr/4.3.3/avr5\libgcc.a(_div_sf.o)
 .debug_line    0x00000764       0xd3 c:/winavr-20100110/bin/../lib/gcc/avr/4.3.3/avr5\libgcc.a(_gt_sf.o)
 .debug_line    0x00000837       0xd3 c:/winavr-20100110/bin/../lib/gcc/avr/4.3.3/avr5\libgcc.a(_ge_sf.o)
 .debug_line    0x0000090a       0xd3 c:/winavr-20100110/bin/../lib/gcc/avr/4.3.3/avr5\libgcc.a(_lt_sf.o)
 .debug_line    0x000009dd      0x109 c:/winavr-20100110/bin/../lib/gcc/avr/4.3.3/avr5\libgcc.a(_sf_to_si.o)
 .debug_line    0x00000ae6       0x90 c:/winavr-20100110/bin/../lib/gcc/avr/4.3.3/avr5\libgcc.a(_thenan_sf.o)
 .debug_line    0x00000b76      0x18a c:/winavr-20100110/bin/../lib/gcc/avr/4.3.3/avr5\libgcc.a(_pack_sf.o)
 .debug_line    0x00000d00      0x14b c:/winavr-20100110/bin/../lib/gcc/avr/4.3.3/avr5\libgcc.a(_unpack_sf.o)
 .debug_line    0x00000e4b      0x137 c:/winavr-20100110/bin/../lib/gcc/avr/4.3.3/avr5\libgcc.a(_fpcmp_parts_sf.o)

.debug_frame    0x00000000      0x180
 *(.debug_frame)
 .debug_frame   0x00000000       0x20 c:/winavr-20100110/bin/../lib/gcc/avr/4.3.3/avr5\libgcc.a(_fixunssfsi.o)
 .debug_frame   0x00000020       0x40 c:/winavr-20100110/bin/../lib/gcc/avr/4.3.3/avr5\libgcc.a(_addsub_sf.o)
 .debug_frame   0x00000060       0x20 c:/winavr-20100110/bin/../lib/gcc/avr/4.3.3/avr5\libgcc.a(_mul_sf.o)
 .debug_frame   0x00000080       0x20 c:/winavr-20100110/bin/../lib/gcc/avr/4.3.3/avr5\libgcc.a(_div_sf.o)
 .debug_frame   0x000000a0       0x20 c:/winavr-20100110/bin/../lib/gcc/avr/4.3.3/avr5\libgcc.a(_gt_sf.o)
 .debug_frame   0x000000c0       0x20 c:/winavr-20100110/bin/../lib/gcc/avr/4.3.3/avr5\libgcc.a(_ge_sf.o)
 .debug_frame   0x000000e0       0x20 c:/winavr-20100110/bin/../lib/gcc/avr/4.3.3/avr5\libgcc.a(_lt_sf.o)
 .debug_frame   0x00000100       0x20 c:/winavr-20100110/bin/../lib/gcc/avr/4.3.3/avr5\libgcc.a(_sf_to_si.o)
 .debug_frame   0x00000120       0x20 c:/winavr-20100110/bin/../lib/gcc/avr/4.3.3/avr5\libgcc.a(_pack_sf.o)
 .debug_frame   0x00000140       0x20 c:/winavr-20100110/bin/../lib/gcc/avr/4.3.3/avr5\libgcc.a(_unpack_sf.o)
 .debug_frame   0x00000160       0x20 c:/winavr-20100110/bin/../lib/gcc/avr/4.3.3/avr5\libgcc.a(_fpcmp_parts_sf.o)

.debug_str      0x00000000      0x2c2
 *(.debug_str)
 .debug_str     0x00000000       0xbf c:/winavr-20100110/bin/../lib/gcc/avr/4.3.3/avr5\libgcc.a(_fixunssfsi.o)
                                 0xfe (size before relaxing)
 .debug_str     0x000000bf      0x14d c:/winavr-20100110/bin/../lib/gcc/avr/4.3.3/avr5\libgcc.a(_addsub_sf.o)
                                0x206 (size before relaxing)
 .debug_str     0x0000020c       0x27 c:/winavr-20100110/bin/../lib/gcc/avr/4.3.3/avr5\libgcc.a(_mul_sf.o)
                                0x1bf (size before relaxing)
 .debug_str     0x00000233       0x35 c:/winavr-20100110/bin/../lib/gcc/avr/4.3.3/avr5\libgcc.a(_div_sf.o)
                                0x1c8 (size before relaxing)
 .debug_str     0x00000268        0xf c:/winavr-20100110/bin/../lib/gcc/avr/4.3.3/avr5\libgcc.a(_gt_sf.o)
                                0x195 (size before relaxing)
 .debug_str     0x00000277        0x8 c:/winavr-20100110/bin/../lib/gcc/avr/4.3.3/avr5\libgcc.a(_ge_sf.o)
                                0x195 (size before relaxing)
 .debug_str     0x0000027f        0x8 c:/winavr-20100110/bin/../lib/gcc/avr/4.3.3/avr5\libgcc.a(_lt_sf.o)
                                0x195 (size before relaxing)
 .debug_str     0x00000287        0xa c:/winavr-20100110/bin/../lib/gcc/avr/4.3.3/avr5\libgcc.a(_sf_to_si.o)
                                0x19e (size before relaxing)
 .debug_str     0x00000000      0x103 c:/winavr-20100110/bin/../lib/gcc/avr/4.3.3/avr5\libgcc.a(_thenan_sf.o)
 .debug_str     0x00000291       0x16 c:/winavr-20100110/bin/../lib/gcc/avr/4.3.3/avr5\libgcc.a(_pack_sf.o)
                                0x19d (size before relaxing)
 .debug_str     0x000002a7        0xb c:/winavr-20100110/bin/../lib/gcc/avr/4.3.3/avr5\libgcc.a(_unpack_sf.o)
                                0x17f (size before relaxing)
 .debug_str     0x000002b2       0x10 c:/winavr-20100110/bin/../lib/gcc/avr/4.3.3/avr5\libgcc.a(_fpcmp_parts_sf.o)
                                0x163 (size before relaxing)

.debug_loc      0x00000000      0x88e
 *(.debug_loc)
 .debug_loc     0x00000000       0x34 c:/winavr-20100110/bin/../lib/gcc/avr/4.3.3/avr5\libgcc.a(_fixunssfsi.o)
 .debug_loc     0x00000034      0x32a c:/winavr-20100110/bin/../lib/gcc/avr/4.3.3/avr5\libgcc.a(_addsub_sf.o)
 .debug_loc     0x0000035e      0x104 c:/winavr-20100110/bin/../lib/gcc/avr/4.3.3/avr5\libgcc.a(_mul_sf.o)
 .debug_loc     0x00000462       0xc0 c:/winavr-20100110/bin/../lib/gcc/avr/4.3.3/avr5\libgcc.a(_div_sf.o)
 .debug_loc     0x00000522       0x3c c:/winavr-20100110/bin/../lib/gcc/avr/4.3.3/avr5\libgcc.a(_gt_sf.o)
 .debug_loc     0x0000055e       0x3c c:/winavr-20100110/bin/../lib/gcc/avr/4.3.3/avr5\libgcc.a(_ge_sf.o)
 .debug_loc     0x0000059a       0x3c c:/winavr-20100110/bin/../lib/gcc/avr/4.3.3/avr5\libgcc.a(_lt_sf.o)
 .debug_loc     0x000005d6       0x7e c:/winavr-20100110/bin/../lib/gcc/avr/4.3.3/avr5\libgcc.a(_sf_to_si.o)
 .debug_loc     0x00000654      0x13e c:/winavr-20100110/bin/../lib/gcc/avr/4.3.3/avr5\libgcc.a(_pack_sf.o)
 .debug_loc     0x00000792       0xac c:/winavr-20100110/bin/../lib/gcc/avr/4.3.3/avr5\libgcc.a(_unpack_sf.o)
 .debug_loc     0x0000083e       0x50 c:/winavr-20100110/bin/../lib/gcc/avr/4.3.3/avr5\libgcc.a(_fpcmp_parts_sf.o)

.debug_macinfo
 *(.debug_macinfo)
OUTPUT(mine_robot_project.elf elf32-avr)
LOAD linker stubs

.debug_ranges   0x00000000       0x50
 .debug_ranges  0x00000000       0x50 c:/winavr-20100110/bin/../lib/gcc/avr/4.3.3/avr5\libgcc.a(_mul_sf.o)
